_XSERVTransmkdir: Owner of /tmp/.X11-unix should be set to root
The XKEYBOARD keymap compiler (xkbcomp) reports:
> Warning:          Could not resolve keysym XF86CameraAccessEnable
> Warning:          Could not resolve keysym XF86CameraAccessDisable
> Warning:          Could not resolve keysym XF86CameraAccessToggle
> Warning:          Could not resolve keysym XF86NextElement
> Warning:          Could not resolve keysym XF86PreviousElement
> Warning:          Could not resolve keysym XF86AutopilotEngageToggle
> Warning:          Could not resolve keysym XF86MarkWaypoint
> Warning:          Could not resolve keysym XF86Sos
> Warning:          Could not resolve keysym XF86NavChart
> Warning:          Could not resolve keysym XF86FishingChart
> Warning:          Could not resolve keysym XF86SingleRangeRadar
> Warning:          Could not resolve keysym XF86DualRangeRadar
> Warning:          Could not resolve keysym XF86RadarOverlay
> Warning:          Could not resolve keysym XF86TraditionalSonar
> Warning:          Could not resolve keysym XF86ClearvuSonar
> Warning:          Could not resolve keysym XF86SidevuSonar
> Warning:          Could not resolve keysym XF86NavInfo
Errors from xkbcomp are not fatal to the X server
VNC Server started on port 5900
Connect using: localhost:5900

To run tests with visible browser:
  DISPLAY=:99 npx playwright test --headed

Press Ctrl+C to stop
18/08/2026 07:10:04 passing arg to libvncserver: -rfbport
18/08/2026 07:10:04 passing arg to libvncserver: 5900
18/08/2026 07:10:04 x11vnc version: 0.9.16 lastmod: 2019-01-05  pid: 22005
18/08/2026 07:10:04 Using X display :99
18/08/2026 07:10:04 rootwin: 0x21f reswin: 0x200001 dpy: 0x6bc8ff10
18/08/2026 07:10:04 
18/08/2026 07:10:04 ------------------ USEFUL INFORMATION ------------------
18/08/2026 07:10:04 X DAMAGE available on display, using it for polling hints.
18/08/2026 07:10:04   To disable this behavior use: '-noxdamage'
18/08/2026 07:10:04 
18/08/2026 07:10:04   Most compositing window managers like 'compiz' or 'beryl'
18/08/2026 07:10:04   cause X DAMAGE to fail, and so you may not see any screen
18/08/2026 07:10:04   updates via VNC.  Either disable 'compiz' (recommended) or
18/08/2026 07:10:04   supply the x11vnc '-noxdamage' command line option.
18/08/2026 07:10:04 
18/08/2026 07:10:04 Wireframing: -wireframe mode is in effect for window moves.
18/08/2026 07:10:04   If this yields undesired behavior (poor response, painting
18/08/2026 07:10:04   errors, etc) it may be disabled:
18/08/2026 07:10:04    - use '-nowf' to disable wireframing completely.
18/08/2026 07:10:04    - use '-nowcr' to disable the Copy Rectangle after the
18/08/2026 07:10:04      moved window is released in the new position.
18/08/2026 07:10:04   Also see the -help entry for tuning parameters.
18/08/2026 07:10:04   You can press 3 Alt_L's (Left "Alt" key) in a row to 
18/08/2026 07:10:04   repaint the screen, also see the -fixscreen option for
18/08/2026 07:10:04   periodic repaints.
18/08/2026 07:10:04 
18/08/2026 07:10:04 XFIXES available on display, resetting cursor mode
18/08/2026 07:10:04   to: '-cursor most'.
18/08/2026 07:10:04   to disable this behavior use: '-cursor arrow'
18/08/2026 07:10:04   or '-noxfixes'.
18/08/2026 07:10:04 using XFIXES for cursor drawing.
18/08/2026 07:10:04 GrabServer control via XTEST.
18/08/2026 07:10:04 
18/08/2026 07:10:04 Scroll Detection: -scrollcopyrect mode is in effect to
18/08/2026 07:10:04   use RECORD extension to try to detect scrolling windows
18/08/2026 07:10:04   (induced by either user keystroke or mouse input).
18/08/2026 07:10:04   If this yields undesired behavior (poor response, painting
18/08/2026 07:10:04   errors, etc) it may be disabled via: '-noscr'
18/08/2026 07:10:04   Also see the -help entry for tuning parameters.
18/08/2026 07:10:04   You can press 3 Alt_L's (Left "Alt" key) in a row to 
18/08/2026 07:10:04   repaint the screen, also see the -fixscreen option for
18/08/2026 07:10:04   periodic repaints.
18/08/2026 07:10:04 
18/08/2026 07:10:04 XKEYBOARD: number of keysyms per keycode 7 is greater
18/08/2026 07:10:04   than 4 and 51 keysyms are mapped above 4.
18/08/2026 07:10:04   Automatically switching to -xkb mode.
18/08/2026 07:10:04   If this makes the key mapping worse you can
18/08/2026 07:10:04   disable it with the "-noxkb" option.
18/08/2026 07:10:04   Also, remember "-remap DEAD" for accenting characters.
18/08/2026 07:10:04 
18/08/2026 07:10:04 X FBPM extension not supported.
Xlib:  extension "DPMS" missing on display ":99".
18/08/2026 07:10:04 X display is not capable of DPMS.
18/08/2026 07:10:04 --------------------------------------------------------
18/08/2026 07:10:04 
18/08/2026 07:10:04 Default visual ID: 0x21
18/08/2026 07:10:04 Read initial data from X display into framebuffer.
18/08/2026 07:10:04 initialize_screen: fb_depth/fb_bpp/fb_Bpl 24/32/7680
18/08/2026 07:10:04 
18/08/2026 07:10:04 X display :99 is 32bpp depth=24 true color
18/08/2026 07:10:04 
18/08/2026 07:10:04 Listening for VNC connections on TCP port 5900
18/08/2026 07:10:04 Listening for VNC connections on TCP6 port 5900
18/08/2026 07:10:04 listen6: bind: Address already in use
18/08/2026 07:10:04 Not listening on IPv6 interface.
18/08/2026 07:10:04 
18/08/2026 07:10:04 Xinerama is present and active (e.g. multi-head).
18/08/2026 07:10:04 Xinerama: number of sub-screens: 1
18/08/2026 07:10:04 Xinerama: no blackouts needed (only one sub-screen)
18/08/2026 07:10:04 
18/08/2026 07:10:04 fb read rate: 982 MB/sec
18/08/2026 07:10:04 fast read: reset -wait  ms to: 10
18/08/2026 07:10:04 fast read: reset -defer ms to: 10
18/08/2026 07:10:04 The X server says there are 10 mouse buttons.
18/08/2026 07:10:04 screen setup finished.
18/08/2026 07:10:04 

The VNC desktop is:      default:0
PORT=5900

******************************************************************************
Have you tried the x11vnc '-ncache' VNC client-side pixel caching feature yet?

The scheme stores pixel data offscreen on the VNC viewer side for faster
retrieval.  It should work with any VNC viewer.  Try it by running:

    x11vnc -ncache 10 ...

One can also add -ncache_cr for smooth 'copyrect' window motion.
More info: http://www.karlrunge.com/x11vnc/faq.html#faq-client-caching

18/08/2026 07:10:10 Got connection from client 127.0.0.1
18/08/2026 07:10:10   0 other clients
18/08/2026 07:10:10 Got 'ws' WebSockets handshake
18/08/2026 07:10:10 Hixie no longer supported
18/08/2026 07:10:10 Client 127.0.0.1 gone
18/08/2026 07:10:10 Statistics             events    Transmit/ RawEquiv ( saved)
18/08/2026 07:10:10  TOTALS              :      0 |         0/        0 (  0.0%)
18/08/2026 07:10:10 Statistics             events    Received/ RawEquiv ( saved)
18/08/2026 07:10:10  TOTALS              :      0 |         0/        0 (  0.0%)
